// Jest Snapshot v1, https://goo.gl/fbAQLP

exports[`Render a User 1`] = `
<div
  className="test"
>
  <div
    className="MuiPaper-root-6 MuiPaper-shadow2-10 MuiPaper-rounded-7 MuiCard-root-5 Component-card-1"
  >
    <div
      className="MuiCardContent-root-33"
    >
      <div
        className="title"
      >
        <img
          alt=""
          className="image"
          src="http://via.placeholder.com/700x700"
          width={150}
        />
        <div
          className="name"
        >
          <a>
            John
          </a>
        </div>
      </div>
      <div
        className="item"
      >
        <div
          className="itemIcon"
        >
          <svg
            aria-hidden="true"
            className="MuiSvgIcon-root-34"
            focusable={false}
            style={
              Object {
                "fill": "grey",
              }
            }
            viewBox="0 0 24 24"
          >
            <path
              d="M12 8c-2.21 0-4 1.79-4 4s1.79 4 4 4 4-1.79 4-4-1.79-4-4-4zm8.94 3c-.46-4.17-3.77-7.48-7.94-7.94V1h-2v2.06C6.83 3.52 3.52 6.83 3.06 11H1v2h2.06c.46 4.17 3.77 7.48 7.94 7.94V23h2v-2.06c4.17-.46 7.48-3.77 7.94-7.94H23v-2h-2.06zM12 19c-3.87 0-7-3.13-7-7s3.13-7 7-7 7 3.13 7 7-3.13 7-7 7z"
            />
          </svg>
        </div>
        <div
          className="itemText"
        >
          <a
            className="key"
          >
             
            Email
             
          </a>
          <a
            className="value"
          >
             
            gabriel.mathieu@example.com
             
          </a>
        </div>
      </div>
      <div
        className="MuiListSubheader-root-35"
      >
        Address
      </div>
      <div
        className="item"
      >
        <div
          className="itemIcon"
        >
          <svg
            aria-hidden="true"
            className="MuiSvgIcon-root-34 flag"
            focusable={false}
            style={
              Object {
                "fill": "grey",
              }
            }
            viewBox="0 0 24 24"
          >
            <path
              d="M9.4 16.6L4.8 12l4.6-4.6L8 6l-6 6 6 6 1.4-1.4zm5.2 0l4.6-4.6-4.6-4.6L16 6l6 6-6 6-1.4-1.4z"
            />
          </svg>
        </div>
        <div
          className="itemText"
        >
          <a
            className="key"
          >
             
            Street
             
          </a>
          <a
            className="value"
          >
             
            2976 quai charles-de-gaulle
             
          </a>
        </div>
      </div>
      <div
        className="item"
      >
        <div
          className="itemIcon"
        >
          <svg
            aria-hidden="true"
            className="MuiSvgIcon-root-34 flag"
            focusable={false}
            style={
              Object {
                "fill": "grey",
              }
            }
            viewBox="0 0 24 24"
          >
            <path
              d="M15 11V5l-3-3-3 3v2H3v14h18V11h-6zm-8 8H5v-2h2v2zm0-4H5v-2h2v2zm0-4H5V9h2v2zm6 8h-2v-2h2v2zm0-4h-2v-2h2v2zm0-4h-2V9h2v2zm0-4h-2V5h2v2zm6 12h-2v-2h2v2zm0-4h-2v-2h2v2z"
            />
          </svg>
        </div>
        <div
          className="itemText"
        >
          <a
            className="key"
          >
             
            City
             
          </a>
          <a
            className="value"
          >
             
            pully
             
          </a>
        </div>
      </div>
      <div
        className="item"
      >
        <div
          className="itemIcon"
        >
          <svg
            aria-hidden="true"
            className="MuiSvgIcon-root-34 flag"
            focusable={false}
            style={
              Object {
                "fill": "grey",
              }
            }
            viewBox="0 0 24 24"
          >
            <path
              d="M9.4 16.6L4.8 12l4.6-4.6L8 6l-6 6 6 6 1.4-1.4zm5.2 0l4.6-4.6-4.6-4.6L16 6l6 6-6 6-1.4-1.4z"
            />
          </svg>
        </div>
        <div
          className="itemText"
        >
          <a
            className="key"
          >
             
            Zip-Code
             
          </a>
          <a
            className="value"
          >
             
            8831
             
          </a>
        </div>
      </div>
      <div
        className="item"
      >
        <div
          className="itemIcon"
        >
          <svg
            aria-hidden="true"
            className="MuiSvgIcon-root-34 flag"
            focusable={false}
            style={
              Object {
                "fill": "grey",
              }
            }
            viewBox="0 0 24 24"
          >
            <path
              d="M14 6l-3.75 5 2.85 3.8-1.6 1.2C9.81 13.75 7 10 7 10l-6 8h22L14 6z"
            />
          </svg>
        </div>
        <div
          className="itemText"
        >
          <a
            className="key"
          >
             
            State
             
          </a>
          <a
            className="value"
          >
             
            graubünden
             
          </a>
        </div>
      </div>
      <div
        className="item"
      >
        <div
          className="itemIcon"
        >
          <img
            alt="Canada Flag"
            className="flag"
            height={undefined}
            src="/flags/flags-iso/flat/32/BR.png"
            width={undefined}
          />
        </div>
        <div
          className="itemText"
        >
          <a
            className="key"
          >
             
            Nationality
             
          </a>
          <a
            className="value"
          >
             
            BR
             
          </a>
        </div>
      </div>
    </div>
  </div>
</div>
`;
