// Jest Snapshot v1, https://goo.gl/fbAQLP

exports[`Render an Item 1`] = `
<div
  className="item"
>
  <div
    className="itemIcon"
  >
    <img
      alt="Canada Flag"
      className="coolClassName"
      height={undefined}
      src="/flags/flags-iso/flat/32/BR.png"
      width={undefined}
    />
  </div>
  <div
    className="itemText"
  >
    <a
      className="key"
    >
       
      Nationality
       
    </a>
    <a
      className="value"
    >
       
      BR
       
    </a>
  </div>
</div>
`;
